### EXP-PROP-003-s2024 started 2026-09-07T02:29:18
$ python proposal/train.py --ablation sub_attn --comparator sub --pool attention --fold all --epochs 150 --patience 30 --seed 2024
Set_0: AUC=0.9747 Acc=0.9000 BalAcc=0.8939 F1=0.9130 (44 epochs)
Set_1: AUC=0.8984 Acc=0.7750 BalAcc=0.7500 F1=0.6897 (54 epochs)
Set_2: AUC=0.9750 Acc=0.9000 BalAcc=0.9000 F1=0.9048 (33 epochs)
Set_3: AUC=0.8535 Acc=0.7250 BalAcc=0.7197 F1=0.7556 (39 epochs)
{
 "acc": {
  "mean": 0.8250000000000001,
  "std": 0.07705517503711222
 },
 "auc": {
  "mean": 0.9254300820707071,
  "std": 0.051929840799792994
 },
 "balanced_acc": {
  "mean": 0.8159090909090909,
  "std": 0.08179362706735649
 },
 "sen": {
  "mean": 0.8255681818181817,
  "std": 0.13705671407085765
 },
 "spe": {
  "mean": 0.80625,
  "std": 0.08194150183040474
 },
 "f1": {
  "mean": 0.8157540277480307,
  "std": 0.09606302192118492
 }
}

### exit=0 duration=24s
