### EXP-PROP-008-s42 started 2026-09-07T02:32:05
$ python proposal/train.py --ablation diff_mean --deviation diff --pool mean --fold all --epochs 150 --patience 30 --seed 42
Set_0: AUC=0.8636 Acc=0.7000 BalAcc=0.6869 F1=0.7500 (150 epochs)
Set_1: AUC=0.8542 Acc=0.7750 BalAcc=0.7812 F1=0.7429 (58 epochs)
Set_2: AUC=0.9300 Acc=0.8250 BalAcc=0.8250 F1=0.8372 (148 epochs)
Set_3: AUC=0.8258 Acc=0.7750 BalAcc=0.7904 F1=0.7568 (150 epochs)
{
 "acc": {
  "mean": 0.7687499999999999,
  "std": 0.04463392767839282
 },
 "auc": {
  "mean": 0.8683901515151515,
  "std": 0.038204109616908406
 },
 "balanced_acc": {
  "mean": 0.7708806818181819,
  "std": 0.05117518975511142
 },
 "sen": {
  "mean": 0.7917613636363636,
  "std": 0.096166765958932
 },
 "spe": {
  "mean": 0.75,
  "std": 0.13749298523071754
 },
 "f1": {
  "mean": 0.7717058004848703,
  "std": 0.038136496572810395
 }
}

### exit=0 duration=40s
