### EXP-PROP-007-s7 started 2026-09-07T02:32:02
$ python proposal/train.py --ablation z_mean --deviation z --pool mean --fold all --epochs 150 --patience 30 --seed 7
Set_0: AUC=0.9697 Acc=0.9250 BalAcc=0.9268 F1=0.9302 (110 epochs)
Set_1: AUC=0.8411 Acc=0.7750 BalAcc=0.7500 F1=0.6897 (57 epochs)
Set_2: AUC=0.9575 Acc=0.8500 BalAcc=0.8500 F1=0.8571 (43 epochs)
Set_3: AUC=0.8434 Acc=0.7250 BalAcc=0.7247 F1=0.7442 (74 epochs)
{
 "acc": {
  "mean": 0.8187500000000001,
  "std": 0.0757772228311384
 },
 "auc": {
  "mean": 0.9029442866161617,
  "std": 0.06081268109317222
 },
 "balanced_acc": {
  "mean": 0.812878787878788,
  "std": 0.08073031295778692
 },
 "sen": {
  "mean": 0.790340909090909,
  "std": 0.11983518942266891
 },
 "spe": {
  "mean": 0.8354166666666667,
  "std": 0.08294760264137004
 },
 "f1": {
  "mean": 0.8053041585519533,
  "std": 0.09408037429409914
 }
}

### exit=0 duration=26s
