### EXP-PROP-009-s2024 started 2026-09-07T02:33:06
$ python proposal/train.py --ablation mahal_mean --deviation mahal --pool mean --fold all --epochs 150 --patience 30 --seed 2024
Set_0: AUC=0.9697 Acc=0.8750 BalAcc=0.8712 F1=0.8889 (99 epochs)
Set_1: AUC=0.8594 Acc=0.7250 BalAcc=0.7188 F1=0.6667 (69 epochs)
Set_2: AUC=0.9625 Acc=0.8750 BalAcc=0.8750 F1=0.8718 (70 epochs)
Set_3: AUC=0.8510 Acc=0.7750 BalAcc=0.7803 F1=0.7805 (67 epochs)
{
 "acc": {
  "mean": 0.8125,
  "std": 0.0649519052838329
 },
 "auc": {
  "mean": 0.9106455176767676,
  "std": 0.05559004008488244
 },
 "balanced_acc": {
  "mean": 0.8113162878787878,
  "std": 0.0655237854472534
 },
 "sen": {
  "mean": 0.7934659090909091,
  "std": 0.08968772946813158
 },
 "spe": {
  "mean": 0.8291666666666667,
  "std": 0.05319643889501544
 },
 "f1": {
  "mean": 0.801959558057119,
  "std": 0.08831602664449033
 }
}

### exit=0 duration=23s
