### EXP-PROP-001-s1234 started 2026-09-07T02:27:51
$ python proposal/train.py --ablation mlp_attn --comparator mlp --pool attention --fold all --epochs 150 --patience 30 --seed 1234
Set_0: AUC=0.9495 Acc=0.9000 BalAcc=0.8939 F1=0.9130 (42 epochs)
Set_1: AUC=0.8932 Acc=0.7750 BalAcc=0.7500 F1=0.6897 (52 epochs)
Set_2: AUC=0.9725 Acc=0.9250 BalAcc=0.9250 F1=0.9268 (35 epochs)
Set_3: AUC=0.9545 Acc=0.8250 BalAcc=0.8308 F1=0.8293 (89 epochs)
{
 "acc": {
  "mean": 0.85625,
  "std": 0.05962120008855912
 },
 "auc": {
  "mean": 0.9424423926767677,
  "std": 0.029671636442020886
 },
 "balanced_acc": {
  "mean": 0.8499368686868688,
  "std": 0.06694024230569313
 },
 "sen": {
  "mean": 0.8255681818181817,
  "std": 0.13705671407085765
 },
 "spe": {
  "mean": 0.8743055555555556,
  "std": 0.02525907427704611
 },
 "f1": {
  "mean": 0.8396990529125681,
  "std": 0.0943305968336317
 }
}

### exit=0 duration=37s
