### EXP-PROP-001-s2024 started 2026-09-07T02:27:51
$ python proposal/train.py --ablation mlp_attn --comparator mlp --pool attention --fold all --epochs 150 --patience 30 --seed 2024
Set_0: AUC=0.9571 Acc=0.8750 BalAcc=0.8712 F1=0.8889 (38 epochs)
Set_1: AUC=0.9141 Acc=0.8500 BalAcc=0.8646 F1=0.8333 (41 epochs)
Set_2: AUC=0.9800 Acc=0.7250 BalAcc=0.7250 F1=0.7843 (31 epochs)
Set_3: AUC=0.9040 Acc=0.7000 BalAcc=0.7273 F1=0.6250 (51 epochs)
{
 "acc": {
  "mean": 0.7875000000000001,
  "std": 0.07603453162872775
 },
 "auc": {
  "mean": 0.9387934027777778,
  "std": 0.03102995319161223
 },
 "balanced_acc": {
  "mean": 0.7970170454545455,
  "std": 0.07092396858439394
 },
 "sen": {
  "mean": 0.8252840909090909,
  "std": 0.21655760111866942
 },
 "spe": {
  "mean": 0.76875,
  "std": 0.19985889119298367
 },
 "f1": {
  "mean": 0.7828839869281046,
  "std": 0.0983762843284652
 }
}

### exit=0 duration=29s
