### EXP-PROP-002-s1234 started 2026-09-07T02:28:26
$ python proposal/train.py --ablation mlp_norm01 --comparator mlp --pool attention --lambda_norm 0.1 --fold all --epochs 150 --patience 30 --seed 1234
Set_0: AUC=0.9747 Acc=0.7750 BalAcc=0.7500 F1=0.8302 (63 epochs)
Set_1: AUC=0.9401 Acc=0.8750 BalAcc=0.8750 F1=0.8485 (66 epochs)
Set_2: AUC=0.9700 Acc=0.8500 BalAcc=0.8500 F1=0.8636 (33 epochs)
Set_3: AUC=0.9268 Acc=0.6250 BalAcc=0.6591 F1=0.4828 (59 epochs)
{
 "acc": {
  "mean": 0.78125,
  "std": 0.09742785792574934
 },
 "auc": {
  "mean": 0.9529048295454546,
  "std": 0.020101950948580638
 },
 "balanced_acc": {
  "mean": 0.7835227272727273,
  "std": 0.08572393165667151
 },
 "sen": {
  "mean": 0.7857954545454546,
  "std": 0.27361774608214723
 },
 "spe": {
  "mean": 0.78125,
  "std": 0.184877493221863
 },
 "f1": {
  "mean": 0.7562671280140375,
  "std": 0.15835368644445932
 }
}

### exit=0 duration=40s
