### EXP-PROP-001-s42 started 2026-09-07T02:27:51
$ python proposal/train.py --ablation mlp_attn --comparator mlp --pool attention --fold all --epochs 150 --patience 30 --seed 42
Set_0: AUC=0.9419 Acc=0.9000 BalAcc=0.9040 F1=0.9048 (36 epochs)
Set_1: AUC=0.9349 Acc=0.8000 BalAcc=0.8229 F1=0.7895 (74 epochs)
Set_2: AUC=0.9750 Acc=0.8250 BalAcc=0.8250 F1=0.8511 (33 epochs)
Set_3: AUC=0.9141 Acc=0.7250 BalAcc=0.7348 F1=0.7179 (58 epochs)
{
 "acc": {
  "mean": 0.8125000000000001,
  "std": 0.06250000000000001
 },
 "auc": {
  "mean": 0.9414891098484849,
  "std": 0.0218776854638821
 },
 "balanced_acc": {
  "mean": 0.8217013888888889,
  "std": 0.05986547020552116
 },
 "sen": {
  "mean": 0.859375,
  "std": 0.13750557605147484
 },
 "spe": {
  "mean": 0.7840277777777778,
  "std": 0.11386136184949755
 },
 "f1": {
  "mean": 0.8158120341770958,
  "std": 0.06968806553666525
 }
}

### exit=0 duration=35s
