### EXP-PROP-009-s7 started 2026-09-07T02:33:09
$ python proposal/train.py --ablation mahal_mean --deviation mahal --pool mean --fold all --epochs 150 --patience 30 --seed 7
Set_0: AUC=0.9848 Acc=0.9250 BalAcc=0.9217 F1=0.9333 (150 epochs)
Set_1: AUC=0.8542 Acc=0.5000 BalAcc=0.5729 F1=0.6000 (31 epochs)
Set_2: AUC=0.9625 Acc=0.8500 BalAcc=0.8500 F1=0.8571 (69 epochs)
Set_3: AUC=0.8434 Acc=0.7750 BalAcc=0.7803 F1=0.7805 (76 epochs)
{
 "acc": {
  "mean": 0.7625,
  "std": 0.1605654072333141
 },
 "auc": {
  "mean": 0.9112373737373737,
  "std": 0.0630491257952443
 },
 "balanced_acc": {
  "mean": 0.7812342171717171,
  "std": 0.13025097155416493
 },
 "sen": {
  "mean": 0.8798295454545455,
  "std": 0.09026181142804927
 },
 "spe": {
  "mean": 0.6826388888888889,
  "std": 0.2756752022392105
 },
 "f1": {
  "mean": 0.7927409988385599,
  "std": 0.12370634307429096
 }
}

### exit=0 duration=24s
