### EXP-PROP-002-s2026 started 2026-09-07T02:28:49
$ python proposal/train.py --ablation mlp_norm01 --comparator mlp --pool attention --lambda_norm 0.1 --fold all --epochs 150 --patience 30 --seed 2026
Set_0: AUC=0.9848 Acc=0.8750 BalAcc=0.8813 F1=0.8780 (36 epochs)
Set_1: AUC=0.9062 Acc=0.8250 BalAcc=0.8125 F1=0.7742 (40 epochs)
Set_2: AUC=0.9800 Acc=0.5750 BalAcc=0.5750 F1=0.7018 (32 epochs)
Set_3: AUC=0.9015 Acc=0.5000 BalAcc=0.5455 F1=0.1667 (49 epochs)
{
 "acc": {
  "mean": 0.69375,
  "std": 0.1594668852771634
 },
 "auc": {
  "mean": 0.9431534090909091,
  "std": 0.03934385816276795
 },
 "balanced_acc": {
  "mean": 0.7035669191919192,
  "std": 0.1457644567934406
 },
 "sen": {
  "mean": 0.6647727272727273,
  "std": 0.3436912985190139
 },
 "spe": {
  "mean": 0.742361111111111,
  "std": 0.34485512591575374
 },
 "f1": {
  "mean": 0.6301658453766201,
  "std": 0.27483919687799846
 }
}

### exit=0 duration=29s
