### EXP-PROP-007-s2026 started 2026-09-07T02:31:37
$ python proposal/train.py --ablation z_mean --deviation z --pool mean --fold all --epochs 150 --patience 30 --seed 2026
Set_0: AUC=0.9646 Acc=0.8500 BalAcc=0.8485 F1=0.8636 (130 epochs)
Set_1: AUC=0.8464 Acc=0.7500 BalAcc=0.7500 F1=0.7059 (85 epochs)
Set_2: AUC=0.9650 Acc=0.8500 BalAcc=0.8500 F1=0.8571 (53 epochs)
Set_3: AUC=0.8460 Acc=0.7500 BalAcc=0.7525 F1=0.7619 (47 epochs)
{
 "acc": {
  "mean": 0.8,
  "std": 0.04999999999999999
 },
 "auc": {
  "mean": 0.9054900568181818,
  "std": 0.0593334711581436
 },
 "balanced_acc": {
  "mean": 0.8002525252525253,
  "std": 0.04900096199151887
 },
 "sen": {
  "mean": 0.8102272727272728,
  "std": 0.07317864194123609
 },
 "spe": {
  "mean": 0.7902777777777779,
  "std": 0.03052397357754989
 },
 "f1": {
  "mean": 0.7971415839062899,
  "std": 0.0663166445594006
 }
}

### exit=0 duration=31s
