### EXP-PROP-003-s1234 started 2026-09-07T02:29:07
$ python proposal/train.py --ablation sub_attn --comparator sub --pool attention --fold all --epochs 150 --patience 30 --seed 1234
Set_0: AUC=0.9621 Acc=0.8750 BalAcc=0.8712 F1=0.8889 (40 epochs)
Set_1: AUC=0.8646 Acc=0.7750 BalAcc=0.7708 F1=0.7273 (42 epochs)
Set_2: AUC=0.9800 Acc=0.8750 BalAcc=0.8750 F1=0.8837 (40 epochs)
Set_3: AUC=0.8636 Acc=0.7750 BalAcc=0.7753 F1=0.7907 (40 epochs)
{
 "acc": {
  "mean": 0.825,
  "std": 0.04999999999999999
 },
 "auc": {
  "mean": 0.9175852272727273,
  "std": 0.053848719691927935
 },
 "balanced_acc": {
  "mean": 0.823074494949495,
  "std": 0.05007386765982362
 },
 "sen": {
  "mean": 0.8454545454545455,
  "std": 0.08570321652256727
 },
 "spe": {
  "mean": 0.8006944444444444,
  "std": 0.02044782203379926
 },
 "f1": {
  "mean": 0.8226450552031948,
  "std": 0.06751856057013617
 }
}

### exit=0 duration=25s
