### EXP-PROP-009-s42 started 2026-09-07T02:32:45
$ python proposal/train.py --ablation mahal_mean --deviation mahal --pool mean --fold all --epochs 150 --patience 30 --seed 42
Set_0: AUC=0.9697 Acc=0.9250 BalAcc=0.9268 F1=0.9302 (104 epochs)
Set_1: AUC=0.8490 Acc=0.7500 BalAcc=0.7500 F1=0.7059 (83 epochs)
Set_2: AUC=0.9575 Acc=0.8250 BalAcc=0.8250 F1=0.8293 (52 epochs)
Set_3: AUC=0.8485 Acc=0.7000 BalAcc=0.7020 F1=0.7143 (50 epochs)
{
 "acc": {
  "mean": 0.8,
  "std": 0.08477912478906588
 },
 "auc": {
  "mean": 0.906160037878788,
  "std": 0.05760033830197537
 },
 "balanced_acc": {
  "mean": 0.8009469696969697,
  "std": 0.0848402877158138
 },
 "sen": {
  "mean": 0.7977272727272727,
  "std": 0.08781672311982572
 },
 "spe": {
  "mean": 0.8041666666666667,
  "std": 0.08565065061409215
 },
 "f1": {
  "mean": 0.7949172295123381,
  "std": 0.09208540084646871
 }
}

### exit=0 duration=24s
