### EXP-PROP-006-s2024 started 2026-09-07T02:30:53
$ python proposal/train.py --ablation mlp_deepset --comparator mlp --pool deepset --fold all --epochs 150 --patience 30 --seed 2024
Set_0: AUC=0.9773 Acc=0.8750 BalAcc=0.8763 F1=0.8837 (40 epochs)
Set_1: AUC=0.8802 Acc=0.8500 BalAcc=0.8333 F1=0.8000 (62 epochs)
Set_2: AUC=0.9950 Acc=0.9750 BalAcc=0.9750 F1=0.9756 (67 epochs)
Set_3: AUC=0.9419 Acc=0.7750 BalAcc=0.7854 F1=0.7692 (110 epochs)
{
 "acc": {
  "mean": 0.86875,
  "std": 0.07153451963912247
 },
 "auc": {
  "mean": 0.9486000631313132,
  "std": 0.04386666888224272
 },
 "balanced_acc": {
  "mean": 0.8674873737373736,
  "std": 0.06990786033478716
 },
 "sen": {
  "mean": 0.8238636363636364,
  "std": 0.12066341239542787
 },
 "spe": {
  "mean": 0.9111111111111111,
  "std": 0.025153847605937273
 },
 "f1": {
  "mean": 0.8571403638902221,
  "std": 0.08021010132108036
 }
}

### exit=0 duration=43s
