### EXP-PROP-008-s7 started 2026-09-07T02:32:38
$ python proposal/train.py --ablation diff_mean --deviation diff --pool mean --fold all --epochs 150 --patience 30 --seed 7
Set_0: AUC=0.8131 Acc=0.6750 BalAcc=0.6692 F1=0.7111 (98 epochs)
Set_1: AUC=0.8594 Acc=0.8500 BalAcc=0.8438 F1=0.8125 (53 epochs)
Set_2: AUC=0.9450 Acc=0.8500 BalAcc=0.8500 F1=0.8500 (95 epochs)
Set_3: AUC=0.8157 Acc=0.7250 BalAcc=0.7449 F1=0.6857 (119 epochs)
{
 "acc": {
  "mean": 0.775,
  "std": 0.07705517503711219
 },
 "auc": {
  "mean": 0.8582907196969697,
  "std": 0.053330849530426966
 },
 "balanced_acc": {
  "mean": 0.7769728535353535,
  "std": 0.07489054799137197
 },
 "sen": {
  "mean": 0.7338068181818181,
  "std": 0.11748696241630355
 },
 "spe": {
  "mean": 0.820138888888889,
  "std": 0.1255447235986315
 },
 "f1": {
  "mean": 0.7648313492063491,
  "std": 0.06832161638733776
 }
}

### exit=0 duration=30s
