### EXP-PROP-007-s2024 started 2026-09-07T02:31:37
$ python proposal/train.py --ablation z_mean --deviation z --pool mean --fold all --epochs 150 --patience 30 --seed 2024
Set_0: AUC=0.9798 Acc=0.9250 BalAcc=0.9318 F1=0.9268 (140 epochs)
Set_1: AUC=0.8724 Acc=0.7000 BalAcc=0.6771 F1=0.6000 (106 epochs)
Set_2: AUC=0.9600 Acc=0.8250 BalAcc=0.8250 F1=0.8444 (43 epochs)
Set_3: AUC=0.8535 Acc=0.7500 BalAcc=0.7525 F1=0.7619 (67 epochs)
{
 "acc": {
  "mean": 0.8,
  "std": 0.08477912478906588
 },
 "auc": {
  "mean": 0.9164322916666667,
  "std": 0.05433366849986036
 },
 "balanced_acc": {
  "mean": 0.7966066919191919,
  "std": 0.09396453252579087
 },
 "sen": {
  "mean": 0.7758522727272728,
  "std": 0.14655429202641468
 },
 "spe": {
  "mean": 0.817361111111111,
  "std": 0.11108289572306902
 },
 "f1": {
  "mean": 0.7832946186604723,
  "std": 0.12082625960482403
 }
}

### exit=0 duration=34s
