### EXP-PROP-009-s1234 started 2026-09-07T02:32:49
$ python proposal/train.py --ablation mahal_mean --deviation mahal --pool mean --fold all --epochs 150 --patience 30 --seed 1234
Set_0: AUC=0.9798 Acc=0.9250 BalAcc=0.9217 F1=0.9333 (150 epochs)
Set_1: AUC=0.8620 Acc=0.7500 BalAcc=0.7500 F1=0.7059 (85 epochs)
Set_2: AUC=0.9600 Acc=0.8500 BalAcc=0.8500 F1=0.8571 (86 epochs)
Set_3: AUC=0.8662 Acc=0.7750 BalAcc=0.7803 F1=0.7805 (58 epochs)
{
 "acc": {
  "mean": 0.825,
  "std": 0.06846531968814577
 },
 "auc": {
  "mean": 0.9169846906565657,
  "std": 0.05339573648990339
 },
 "balanced_acc": {
  "mean": 0.8255050505050505,
  "std": 0.06633439926050833
 },
 "sen": {
  "mean": 0.8329545454545455,
  "std": 0.09660427714980516
 },
 "spe": {
  "mean": 0.8180555555555556,
  "std": 0.050518148554092236
 },
 "f1": {
  "mean": 0.8192115870738539,
  "std": 0.08486106415048071
 }
}

### exit=0 duration=30s
