### EXP-PROP-006-s7 started 2026-09-07T02:31:11
$ python proposal/train.py --ablation mlp_deepset --comparator mlp --pool deepset --fold all --epochs 150 --patience 30 --seed 7
Set_0: AUC=0.9672 Acc=0.8500 BalAcc=0.8535 F1=0.8571 (37 epochs)
Set_1: AUC=0.8333 Acc=0.7500 BalAcc=0.7083 F1=0.6154 (34 epochs)
Set_2: AUC=0.9800 Acc=0.9000 BalAcc=0.9000 F1=0.9048 (46 epochs)
Set_3: AUC=0.8889 Acc=0.7500 BalAcc=0.7626 F1=0.7368 (34 epochs)
{
 "acc": {
  "mean": 0.8125,
  "std": 0.0649519052838329
 },
 "auc": {
  "mean": 0.9173484848484849,
  "std": 0.05974123600205438
 },
 "balanced_acc": {
  "mean": 0.8061237373737373,
  "std": 0.07502600792979082
 },
 "sen": {
  "mean": 0.7261363636363637,
  "std": 0.17159843451288453
 },
 "spe": {
  "mean": 0.8861111111111111,
  "std": 0.023733343736993134
 },
 "f1": {
  "mean": 0.7785328706381338,
  "std": 0.11232627936497253
 }
}

### exit=0 duration=26s
