### EXP-PROP-009-s2026 started 2026-09-07T02:33:07
$ python proposal/train.py --ablation mahal_mean --deviation mahal --pool mean --fold all --epochs 150 --patience 30 --seed 2026
Set_0: AUC=0.9823 Acc=0.9250 BalAcc=0.9268 F1=0.9302 (150 epochs)
Set_1: AUC=0.8411 Acc=0.7500 BalAcc=0.7500 F1=0.7059 (72 epochs)
Set_2: AUC=0.9525 Acc=0.8250 BalAcc=0.8250 F1=0.8372 (74 epochs)
Set_3: AUC=0.8485 Acc=0.7250 BalAcc=0.7298 F1=0.7317 (53 epochs)
{
 "acc": {
  "mean": 0.80625,
  "std": 0.0778118724874296
 },
 "auc": {
  "mean": 0.9061134785353535,
  "std": 0.06225248965019946
 },
 "balanced_acc": {
  "mean": 0.8078914141414141,
  "std": 0.07725650432959312
 },
 "sen": {
  "mean": 0.8102272727272727,
  "std": 0.09740300324590777
 },
 "spe": {
  "mean": 0.8055555555555556,
  "std": 0.0809854429839625
 },
 "f1": {
  "mean": 0.801257882619866,
  "std": 0.08924789119863857
 }
}

### exit=0 duration=25s
