### EXP-PROP-002-s42 started 2026-09-07T02:28:23
$ python proposal/train.py --ablation mlp_norm01 --comparator mlp --pool attention --lambda_norm 0.1 --fold all --epochs 150 --patience 30 --seed 42
Set_0: AUC=0.9874 Acc=0.8500 BalAcc=0.8333 F1=0.8800 (50 epochs)
Set_1: AUC=0.9297 Acc=0.7750 BalAcc=0.7396 F1=0.6667 (52 epochs)
Set_2: AUC=0.9850 Acc=0.9250 BalAcc=0.9250 F1=0.9189 (47 epochs)
Set_3: AUC=0.9141 Acc=0.8250 BalAcc=0.8207 F1=0.8444 (65 epochs)
{
 "acc": {
  "mean": 0.84375,
  "std": 0.054126587736527426
 },
 "auc": {
  "mean": 0.9540506628787879,
  "std": 0.03261364975849186
 },
 "balanced_acc": {
  "mean": 0.8296559343434344,
  "std": 0.06575935243819224
 },
 "sen": {
  "mean": 0.819034090909091,
  "std": 0.1593005416735277
 },
 "spe": {
  "mean": 0.8402777777777777,
  "std": 0.12786078221890257
 },
 "f1": {
  "mean": 0.8275075075075075,
  "std": 0.09652479450832202
 }
}

### exit=0 duration=39s
