### EXP-PROP-001-s2026 started 2026-09-07T02:27:51
$ python proposal/train.py --ablation mlp_attn --comparator mlp --pool attention --fold all --epochs 150 --patience 30 --seed 2026
Set_0: AUC=0.9899 Acc=0.7750 BalAcc=0.7500 F1=0.8302 (59 epochs)
Set_1: AUC=0.8854 Acc=0.7250 BalAcc=0.6875 F1=0.5926 (48 epochs)
Set_2: AUC=0.9775 Acc=0.8750 BalAcc=0.8750 F1=0.8889 (33 epochs)
Set_3: AUC=0.9242 Acc=0.7500 BalAcc=0.7727 F1=0.7059 (51 epochs)
{
 "acc": {
  "mean": 0.78125,
  "std": 0.05694020986965187
 },
 "auc": {
  "mean": 0.9442645202020202,
  "std": 0.04198528353560107
 },
 "balanced_acc": {
  "mean": 0.7713068181818181,
  "std": 0.06751269680861445
 },
 "sen": {
  "mean": 0.7613636363636364,
  "std": 0.23917687704374077
 },
 "spe": {
  "mean": 0.78125,
  "std": 0.184877493221863
 },
 "f1": {
  "mean": 0.7543881284169853,
  "std": 0.11441894919615117
 }
}

### exit=0 duration=32s
### EXP-PROP-001-s2026 started 2026-09-22T10:26:24
$ python proposal/train.py --ablation mlp_attn --comparator mlp --pool attention --fold all --epochs 150 --patience 30 --seed 2026
### EXP-PROP-001-s2026 started 2026-09-22T10:35:35
$ python proposal/train.py --ablation mlp_attn --comparator mlp --pool attention --fold all --epochs 150 --patience 30 --seed 2026
Set_0: AUC=0.9596 Acc=0.8750 BalAcc=0.8662 F1=0.8936 (59 epochs)
Set_1: AUC=0.8854 Acc=0.7750 BalAcc=0.7917 F1=0.7568 (50 epochs)
Set_2: AUC=0.9725 Acc=0.8500 BalAcc=0.8500 F1=0.8636 (44 epochs)
Set_3: AUC=0.9091 Acc=0.8250 BalAcc=0.8258 F1=0.8372 (66 epochs)
{
 "acc": {
  "mean": 0.83125,
  "std": 0.03697549864437259
 },
 "auc": {
  "mean": 0.9316508838383839,
  "std": 0.03569360183691909
 },
 "balanced_acc": {
  "mean": 0.8333964646464647,
  "std": 0.028057802849378935
 },
 "sen": {
  "mean": 0.8994318181818182,
  "std": 0.05655336012406612
 },
 "spe": {
  "mean": 0.7673611111111112,
  "std": 0.04540519732854869
 },
 "f1": {
  "mean": 0.8378048609988243,
  "std": 0.050870948621858786
 }
}

### exit=0 duration=161s
