### EXP-PROP-006-s42 started 2026-09-07T02:30:47
$ python proposal/train.py --ablation mlp_deepset --comparator mlp --pool deepset --fold all --epochs 150 --patience 30 --seed 42
Set_0: AUC=0.9520 Acc=0.7750 BalAcc=0.7955 F1=0.7429 (36 epochs)
Set_1: AUC=0.8464 Acc=0.7750 BalAcc=0.7500 F1=0.6897 (33 epochs)
Set_2: AUC=0.9675 Acc=0.9250 BalAcc=0.9250 F1=0.9189 (34 epochs)
Set_3: AUC=0.9520 Acc=0.7000 BalAcc=0.7273 F1=0.6250 (40 epochs)
{
 "acc": {
  "mean": 0.79375,
  "std": 0.08172935519138766
 },
 "auc": {
  "mean": 0.9294736426767677,
  "std": 0.04840337235131945
 },
 "balanced_acc": {
  "mean": 0.7994318181818183,
  "std": 0.0765402280390153
 },
 "sen": {
  "mean": 0.6301136363636364,
  "std": 0.14207158850498777
 },
 "spe": {
  "mean": 0.96875,
  "std": 0.05412658773652741
 },
 "f1": {
  "mean": 0.7441078085474637,
  "std": 0.10921566750340266
 }
}

### exit=0 duration=24s
### EXP-PROP-006-s42 started 2026-09-22T10:40:06
$ python proposal/train.py --ablation mlp_deepset --comparator mlp --pool deepset --fold all --epochs 150 --patience 30 --seed 42
Set_0: AUC=0.9697 Acc=0.8500 BalAcc=0.8485 F1=0.8636 (36 epochs)
Set_1: AUC=0.8568 Acc=0.7250 BalAcc=0.6771 F1=0.5600 (35 epochs)
Set_2: AUC=0.9750 Acc=0.9500 BalAcc=0.9500 F1=0.9474 (33 epochs)
Set_3: AUC=0.8636 Acc=0.7250 BalAcc=0.7500 F1=0.6667 (33 epochs)
{
 "acc": {
  "mean": 0.8125,
  "std": 0.09437293044088436
 },
 "auc": {
  "mean": 0.9162760416666667,
  "std": 0.05615626491292237
 },
 "balanced_acc": {
  "mean": 0.8063920454545455,
  "std": 0.10282977985081859
 },
 "sen": {
  "mean": 0.6752840909090909,
  "std": 0.20811031020553253
 },
 "spe": {
  "mean": 0.9375,
  "std": 0.06909634979907082
 },
 "f1": {
  "mean": 0.7594178628389155,
  "std": 0.15375075337371413
 }
}

### exit=0 duration=112s
