### EXP-PROP-003-s7 started 2026-09-07T02:29:32
$ python proposal/train.py --ablation sub_attn --comparator sub --pool attention --fold all --epochs 150 --patience 30 --seed 7
Set_0: AUC=0.9646 Acc=0.8500 BalAcc=0.8434 F1=0.8696 (47 epochs)
Set_1: AUC=0.8411 Acc=0.7500 BalAcc=0.7292 F1=0.6667 (32 epochs)
Set_2: AUC=0.9825 Acc=0.8500 BalAcc=0.8500 F1=0.8636 (34 epochs)
Set_3: AUC=0.8636 Acc=0.7250 BalAcc=0.7399 F1=0.7027 (46 epochs)
{
 "acc": {
  "mean": 0.7937500000000001,
  "std": 0.05694020986965186
 },
 "auc": {
  "mean": 0.9129821654040404,
  "std": 0.06143573044367118
 },
 "balanced_acc": {
  "mean": 0.7906249999999999,
  "std": 0.05626826862416622
 },
 "sen": {
  "mean": 0.76875,
  "std": 0.16189393496263516
 },
 "spe": {
  "mean": 0.8125,
  "std": 0.0533412899157542
 },
 "f1": {
  "mean": 0.7756427375992594,
  "std": 0.09186993953418768
 }
}

### exit=0 duration=22s
