### EXP-PROP-008-s1234 started 2026-09-07T02:32:09
$ python proposal/train.py --ablation diff_mean --deviation diff --pool mean --fold all --epochs 150 --patience 30 --seed 1234
Set_0: AUC=0.8763 Acc=0.7500 BalAcc=0.7374 F1=0.7917 (150 epochs)
Set_1: AUC=0.8438 Acc=0.8250 BalAcc=0.8125 F1=0.7742 (63 epochs)
Set_2: AUC=0.9325 Acc=0.8500 BalAcc=0.8500 F1=0.8571 (150 epochs)
Set_3: AUC=0.8333 Acc=0.7750 BalAcc=0.7904 F1=0.7568 (132 epochs)
{
 "acc": {
  "mean": 0.7999999999999999,
  "std": 0.03952847075210472
 },
 "auc": {
  "mean": 0.87146148989899,
  "std": 0.03863429053719759
 },
 "balanced_acc": {
  "mean": 0.7975694444444446,
  "std": 0.04076380382725077
 },
 "sen": {
  "mean": 0.7875,
  "std": 0.1033216413451119
 },
 "spe": {
  "mean": 0.807638888888889,
  "std": 0.12443351576516275
 },
 "f1": {
  "mean": 0.7949399572383444,
  "std": 0.03797461476742624
 }
}

### exit=0 duration=40s
