### EXP-PROP-002-s2024 started 2026-09-07T02:28:28
$ python proposal/train.py --ablation mlp_norm01 --comparator mlp --pool attention --lambda_norm 0.1 --fold all --epochs 150 --patience 30 --seed 2024
Set_0: AUC=0.9823 Acc=0.9250 BalAcc=0.9217 F1=0.9333 (49 epochs)
Set_1: AUC=0.9219 Acc=0.8750 BalAcc=0.8542 F1=0.8276 (35 epochs)
Set_2: AUC=0.9825 Acc=0.7250 BalAcc=0.7250 F1=0.7843 (31 epochs)
Set_3: AUC=0.9192 Acc=0.7750 BalAcc=0.7955 F1=0.7429 (47 epochs)
{
 "acc": {
  "mean": 0.825,
  "std": 0.0790569415042095
 },
 "auc": {
  "mean": 0.9514725378787878,
  "std": 0.03095368049473691
 },
 "balanced_acc": {
  "mean": 0.8240845959595959,
  "std": 0.07258527360195403
 },
 "sen": {
  "mean": 0.8238636363636364,
  "std": 0.16418390087272602
 },
 "spe": {
  "mean": 0.8243055555555556,
  "std": 0.21972007127757406
 },
 "f1": {
  "mean": 0.822022602144306,
  "std": 0.0709051512556342
 }
}

### exit=0 duration=32s
