### EXP-PROP-006-s1234 started 2026-09-07T02:30:53
$ python proposal/train.py --ablation mlp_deepset --comparator mlp --pool deepset --fold all --epochs 150 --patience 30 --seed 1234
Set_0: AUC=0.9495 Acc=0.7500 BalAcc=0.7727 F1=0.7059 (62 epochs)
Set_1: AUC=0.9193 Acc=0.8500 BalAcc=0.8333 F1=0.8000 (38 epochs)
Set_2: AUC=0.9925 Acc=0.9000 BalAcc=0.9000 F1=0.9048 (49 epochs)
Set_3: AUC=0.9444 Acc=0.8250 BalAcc=0.8308 F1=0.8293 (111 epochs)
{
 "acc": {
  "mean": 0.83125,
  "std": 0.054126587736527426
 },
 "auc": {
  "mean": 0.9514275568181818,
  "std": 0.02633201133456549
 },
 "balanced_acc": {
  "mean": 0.8342171717171717,
  "std": 0.045057716447327964
 },
 "sen": {
  "mean": 0.7545454545454544,
  "std": 0.1434161142207591
 },
 "spe": {
  "mean": 0.9138888888888889,
  "std": 0.05506729889333059
 },
 "f1": {
  "mean": 0.8099781375965021,
  "std": 0.0712242378236269
 }
}

### exit=0 duration=41s
