### EXP-PROP-002-s2026 started 2026-09-07T02:28:49
$ python proposal/train.py --ablation mlp_norm01 --comparator mlp --pool attention --lambda_norm 0.1 --fold all --epochs 150 --patience 30 --seed 2026
Set_0: AUC=0.9848 Acc=0.8750 BalAcc=0.8813 F1=0.8780 (36 epochs)
Set_1: AUC=0.9062 Acc=0.8250 BalAcc=0.8125 F1=0.7742 (40 epochs)
Set_2: AUC=0.9800 Acc=0.5750 BalAcc=0.5750 F1=0.7018 (32 epochs)
Set_3: AUC=0.9015 Acc=0.5000 BalAcc=0.5455 F1=0.1667 (49 epochs)
{
 "acc": {
  "mean": 0.69375,
  "std": 0.1594668852771634
 },
 "auc": {
  "mean": 0.9431534090909091,
  "std": 0.03934385816276795
 },
 "balanced_acc": {
  "mean": 0.7035669191919192,
  "std": 0.1457644567934406
 },
 "sen": {
  "mean": 0.6647727272727273,
  "std": 0.3436912985190139
 },
 "spe": {
  "mean": 0.742361111111111,
  "std": 0.34485512591575374
 },
 "f1": {
  "mean": 0.6301658453766201,
  "std": 0.27483919687799846
 }
}

### exit=0 duration=29s
### EXP-PROP-002-s2026 started 2026-09-22T10:37:13
$ python proposal/train.py --ablation mlp_norm01 --comparator mlp --pool attention --lambda_norm 0.1 --fold all --epochs 150 --patience 30 --seed 2026
Set_0: AUC=0.9975 Acc=0.9500 BalAcc=0.9545 F1=0.9524 (74 epochs)
Set_1: AUC=0.9010 Acc=0.8000 BalAcc=0.8229 F1=0.7895 (35 epochs)
Set_2: AUC=0.9775 Acc=0.8250 BalAcc=0.8250 F1=0.8511 (32 epochs)
Set_3: AUC=0.9242 Acc=0.7750 BalAcc=0.7854 F1=0.7692 (74 epochs)
{
 "acc": {
  "mean": 0.8375,
  "std": 0.06731456008918127
 },
 "auc": {
  "mean": 0.9500647095959596,
  "std": 0.03895656558960509
 },
 "balanced_acc": {
  "mean": 0.8469539141414142,
  "std": 0.06409038509327132
 },
 "sen": {
  "mean": 0.8821022727272727,
  "std": 0.12021947205747022
 },
 "spe": {
  "mean": 0.8118055555555556,
  "std": 0.13986290410414207
 },
 "f1": {
  "mean": 0.8405373089023704,
  "std": 0.07125995473460313
 }
}

### exit=0 duration=206s
