### EXP-PROP-003-s42 started 2026-09-07T02:29:02
$ python proposal/train.py --ablation sub_attn --comparator sub --pool attention --fold all --epochs 150 --patience 30 --seed 42
Set_0: AUC=0.9621 Acc=0.9000 BalAcc=0.9040 F1=0.9048 (45 epochs)
Set_1: AUC=0.8333 Acc=0.7750 BalAcc=0.7396 F1=0.6667 (31 epochs)
Set_2: AUC=0.9825 Acc=0.8250 BalAcc=0.8250 F1=0.8444 (36 epochs)
Set_3: AUC=0.8737 Acc=0.7250 BalAcc=0.7298 F1=0.7317 (68 epochs)
{
 "acc": {
  "mean": 0.80625,
  "std": 0.06465050270492877
 },
 "auc": {
  "mean": 0.9129229797979798,
  "std": 0.06150498221816565
 },
 "balanced_acc": {
  "mean": 0.7996054292929292,
  "std": 0.07075888668618764
 },
 "sen": {
  "mean": 0.7644886363636363,
  "std": 0.15155737456188303
 },
 "spe": {
  "mean": 0.8347222222222221,
  "std": 0.10018308856572501
 },
 "f1": {
  "mean": 0.7868950832365467,
  "std": 0.09314649520638416
 }
}

### exit=0 duration=27s
