### EXP-PROP-003-s1234 started 2026-09-07T02:29:07
$ python proposal/train.py --ablation sub_attn --comparator sub --pool attention --fold all --epochs 150 --patience 30 --seed 1234
Set_0: AUC=0.9621 Acc=0.8750 BalAcc=0.8712 F1=0.8889 (40 epochs)
Set_1: AUC=0.8646 Acc=0.7750 BalAcc=0.7708 F1=0.7273 (42 epochs)
Set_2: AUC=0.9800 Acc=0.8750 BalAcc=0.8750 F1=0.8837 (40 epochs)
Set_3: AUC=0.8636 Acc=0.7750 BalAcc=0.7753 F1=0.7907 (40 epochs)
{
 "acc": {
  "mean": 0.825,
  "std": 0.04999999999999999
 },
 "auc": {
  "mean": 0.9175852272727273,
  "std": 0.053848719691927935
 },
 "balanced_acc": {
  "mean": 0.823074494949495,
  "std": 0.05007386765982362
 },
 "sen": {
  "mean": 0.8454545454545455,
  "std": 0.08570321652256727
 },
 "spe": {
  "mean": 0.8006944444444444,
  "std": 0.02044782203379926
 },
 "f1": {
  "mean": 0.8226450552031948,
  "std": 0.06751856057013617
 }
}

### exit=0 duration=25s
### EXP-PROP-003-s1234 started 2026-09-22T10:37:33
$ python proposal/train.py --ablation sub_attn --comparator sub --pool attention --fold all --epochs 150 --patience 30 --seed 1234
Set_0: AUC=0.9722 Acc=0.9000 BalAcc=0.8939 F1=0.9130 (40 epochs)
Set_1: AUC=0.8646 Acc=0.8000 BalAcc=0.8021 F1=0.7647 (42 epochs)
Set_2: AUC=0.9775 Acc=0.9250 BalAcc=0.9250 F1=0.9268 (39 epochs)
Set_3: AUC=0.8838 Acc=0.7500 BalAcc=0.7626 F1=0.7368 (45 epochs)
{
 "acc": {
  "mean": 0.84375,
  "std": 0.0715345196391225
 },
 "auc": {
  "mean": 0.9245359848484849,
  "std": 0.05081776089003956
 },
 "balanced_acc": {
  "mean": 0.8459122474747475,
  "std": 0.0659905455046966
 },
 "sen": {
  "mean": 0.8383522727272726,
  "std": 0.12984011295763434
 },
 "spe": {
  "mean": 0.8534722222222222,
  "std": 0.0437169187098254
 },
 "f1": {
  "mean": 0.8353551835424129,
  "std": 0.08529233504216055
 }
}

### exit=0 duration=64s
