### EXP-PROP-006-s2026 started 2026-09-07T02:31:03
$ python proposal/train.py --ablation mlp_deepset --comparator mlp --pool deepset --fold all --epochs 150 --patience 30 --seed 2026
Set_0: AUC=0.9672 Acc=0.8750 BalAcc=0.8813 F1=0.8780 (36 epochs)
Set_1: AUC=0.8385 Acc=0.7000 BalAcc=0.6875 F1=0.6250 (50 epochs)
Set_2: AUC=0.9775 Acc=0.9250 BalAcc=0.9250 F1=0.9231 (33 epochs)
Set_3: AUC=0.8687 Acc=0.8000 BalAcc=0.8081 F1=0.8000 (33 epochs)
{
 "acc": {
  "mean": 0.825,
  "std": 0.08477912478906588
 },
 "auc": {
  "mean": 0.9129750631313132,
  "std": 0.06042044245016627
 },
 "balanced_acc": {
  "mean": 0.8254734848484848,
  "std": 0.0899482921765075
 },
 "sen": {
  "mean": 0.7676136363636363,
  "std": 0.10252966462492294
 },
 "spe": {
  "mean": 0.8833333333333333,
  "std": 0.08060343404748281
 },
 "f1": {
  "mean": 0.806531425891182,
  "std": 0.11368146620385004
 }
}

### exit=0 duration=27s
