### EXP-PROP-004-s1234 started 2026-09-07T02:29:42
$ python proposal/train.py --ablation zsub_attn --comparator zsub --pool attention --fold all --epochs 150 --patience 30 --seed 1234
Set_0: AUC=0.9646 Acc=0.9000 BalAcc=0.8990 F1=0.9091 (40 epochs)
Set_1: AUC=0.8672 Acc=0.7750 BalAcc=0.7500 F1=0.6897 (38 epochs)
Set_2: AUC=0.9875 Acc=0.9000 BalAcc=0.9000 F1=0.9048 (39 epochs)
Set_3: AUC=0.8838 Acc=0.7500 BalAcc=0.7677 F1=0.7222 (52 epochs)
{
 "acc": {
  "mean": 0.83125,
  "std": 0.06931585316505887
 },
 "auc": {
  "mean": 0.9257930871212121,
  "std": 0.05126436386887646
 },
 "balanced_acc": {
  "mean": 0.8291666666666667,
  "std": 0.07060632703956896
 },
 "sen": {
  "mean": 0.76875,
  "std": 0.16189393496263516
 },
 "spe": {
  "mean": 0.8895833333333334,
  "std": 0.034603965286947196
 },
 "f1": {
  "mean": 0.8064325521222073,
  "std": 0.10116290812284266
 }
}

### exit=0 duration=24s
### EXP-PROP-004-s1234 started 2026-09-22T10:38:35
$ python proposal/train.py --ablation zsub_attn --comparator zsub --pool attention --fold all --epochs 150 --patience 30 --seed 1234
Set_0: AUC=0.9672 Acc=0.9000 BalAcc=0.8990 F1=0.9091 (49 epochs)
Set_1: AUC=0.8620 Acc=0.7750 BalAcc=0.7708 F1=0.7273 (44 epochs)
Set_2: AUC=0.9775 Acc=0.8750 BalAcc=0.8750 F1=0.8837 (33 epochs)
Set_3: AUC=0.8611 Acc=0.8000 BalAcc=0.8030 F1=0.8095 (35 epochs)
{
 "acc": {
  "mean": 0.8374999999999999,
  "std": 0.051538820320220745
 },
 "auc": {
  "mean": 0.9169404987373738,
  "std": 0.055516432351797394
 },
 "balanced_acc": {
  "mean": 0.8369633838383839,
  "std": 0.052006514745259434
 },
 "sen": {
  "mean": 0.8454545454545455,
  "std": 0.08570321652256727
 },
 "spe": {
  "mean": 0.8284722222222222,
  "std": 0.03820706862077476
 },
 "f1": {
  "mean": 0.832402094030001,
  "std": 0.07087029871773275
 }
}

### exit=0 duration=62s
