### EXP-PROP-004-s2024 started 2026-09-07T02:29:54
$ python proposal/train.py --ablation zsub_attn --comparator zsub --pool attention --fold all --epochs 150 --patience 30 --seed 2024
Set_0: AUC=0.9470 Acc=0.8250 BalAcc=0.8157 F1=0.8511 (38 epochs)
Set_1: AUC=0.8802 Acc=0.7750 BalAcc=0.7500 F1=0.6897 (45 epochs)
Set_2: AUC=0.9775 Acc=0.8750 BalAcc=0.8750 F1=0.8837 (34 epochs)
Set_3: AUC=0.8763 Acc=0.8000 BalAcc=0.8030 F1=0.8095 (54 epochs)
{
 "acc": {
  "mean": 0.8187500000000001,
  "std": 0.036975498644372586
 },
 "auc": {
  "mean": 0.9202351641414142,
  "std": 0.04338700249930121
 },
 "balanced_acc": {
  "mean": 0.8109217171717171,
  "std": 0.0444470897829596
 },
 "sen": {
  "mean": 0.8142045454545455,
  "std": 0.1274387614237644
 },
 "spe": {
  "mean": 0.8076388888888889,
  "std": 0.05601804024895314
 },
 "f1": {
  "mean": 0.8084909354893488,
  "std": 0.07347620167864372
 }
}

### exit=0 duration=25s
### EXP-PROP-004-s2024 started 2026-09-22T10:38:36
$ python proposal/train.py --ablation zsub_attn --comparator zsub --pool attention --fold all --epochs 150 --patience 30 --seed 2024
Set_0: AUC=0.9722 Acc=0.8500 BalAcc=0.8485 F1=0.8636 (38 epochs)
Set_1: AUC=0.8281 Acc=0.7250 BalAcc=0.7500 F1=0.7179 (47 epochs)
Set_2: AUC=0.9750 Acc=0.9250 BalAcc=0.9250 F1=0.9231 (35 epochs)
Set_3: AUC=0.8384 Acc=0.7500 BalAcc=0.7475 F1=0.7727 (39 epochs)
{
 "acc": {
  "mean": 0.8125,
  "std": 0.08003905296791063
 },
 "auc": {
  "mean": 0.9034327651515152,
  "std": 0.07027887462403481
 },
 "balanced_acc": {
  "mean": 0.817739898989899,
  "std": 0.07412129690708501
 },
 "sen": {
  "mean": 0.852840909090909,
  "std": 0.0480877888229881
 },
 "spe": {
  "mean": 0.7826388888888889,
  "std": 0.12153174596696031
 },
 "f1": {
  "mean": 0.8193473193473193,
  "std": 0.07933545116526616
 }
}

### exit=0 duration=59s
