### EXP-PROP-004-s7 started 2026-09-07T02:29:59
$ python proposal/train.py --ablation zsub_attn --comparator zsub --pool attention --fold all --epochs 150 --patience 30 --seed 7
Set_0: AUC=0.9773 Acc=0.9000 BalAcc=0.8990 F1=0.9091 (39 epochs)
Set_1: AUC=0.8542 Acc=0.7500 BalAcc=0.7083 F1=0.6154 (31 epochs)
Set_2: AUC=0.9850 Acc=0.9250 BalAcc=0.9250 F1=0.9189 (45 epochs)
Set_3: AUC=0.8561 Acc=0.7250 BalAcc=0.7247 F1=0.7442 (41 epochs)
{
 "acc": {
  "mean": 0.8250000000000001,
  "std": 0.08838834764831846
 },
 "auc": {
  "mean": 0.918125,
  "std": 0.06307411645114616
 },
 "balanced_acc": {
  "mean": 0.8142676767676769,
  "std": 0.09833037937903849
 },
 "sen": {
  "mean": 0.7465909090909091,
  "std": 0.15674817277857336
 },
 "spe": {
  "mean": 0.8819444444444444,
  "std": 0.10087388226620798
 },
 "f1": {
  "mean": 0.7968951224765178,
  "std": 0.12570005201477705
 }
}

### exit=0 duration=24s
### EXP-PROP-004-s7 started 2026-09-22T10:39:03
$ python proposal/train.py --ablation zsub_attn --comparator zsub --pool attention --fold all --epochs 150 --patience 30 --seed 7
Set_0: AUC=0.9697 Acc=0.8500 BalAcc=0.8535 F1=0.8571 (46 epochs)
Set_1: AUC=0.8906 Acc=0.7500 BalAcc=0.7396 F1=0.6875 (40 epochs)
Set_2: AUC=0.9850 Acc=0.8750 BalAcc=0.8750 F1=0.8837 (43 epochs)
Set_3: AUC=0.8561 Acc=0.7500 BalAcc=0.7424 F1=0.7826 (33 epochs)
{
 "acc": {
  "mean": 0.80625,
  "std": 0.05694020986965186
 },
 "auc": {
  "mean": 0.9253456439393939,
  "std": 0.05369269476123221
 },
 "balanced_acc": {
  "mean": 0.8026357323232323,
  "std": 0.06210552956494674
 },
 "sen": {
  "mean": 0.8184659090909092,
  "std": 0.09280819984055624
 },
 "spe": {
  "mean": 0.7868055555555554,
  "std": 0.07913924963842742
 },
 "f1": {
  "mean": 0.8027431207568974,
  "std": 0.07616283362379729
 }
}

### exit=0 duration=63s
