### EXP-PROP-008-s2026 started 2026-09-07T02:32:28
$ python proposal/train.py --ablation diff_mean --deviation diff --pool mean --fold all --epochs 150 --patience 30 --seed 2026
Set_0: AUC=0.8712 Acc=0.7500 BalAcc=0.7424 F1=0.7826 (150 epochs)
Set_1: AUC=0.8385 Acc=0.7750 BalAcc=0.7708 F1=0.7273 (72 epochs)
Set_2: AUC=0.9550 Acc=0.8500 BalAcc=0.8500 F1=0.8571 (141 epochs)
Set_3: AUC=0.8207 Acc=0.7750 BalAcc=0.7904 F1=0.7568 (150 epochs)
{
 "acc": {
  "mean": 0.7875,
  "std": 0.037499999999999985
 },
 "auc": {
  "mean": 0.8713652146464647,
  "std": 0.051571391313639296
 },
 "balanced_acc": {
  "mean": 0.7884154040404041,
  "std": 0.039436446630134556
 },
 "sen": {
  "mean": 0.7761363636363636,
  "std": 0.09660427714980516
 },
 "spe": {
  "mean": 0.8006944444444444,
  "std": 0.09837363816178187
 },
 "f1": {
  "mean": 0.7809452592061288,
  "std": 0.04815253183120966
 }
}

### exit=0 duration=38s
