### EXP-PROP-005-s2026 started 2026-09-07T02:30:23
$ python proposal/train.py --ablation mlp_mean --comparator mlp --pool mean --fold all --epochs 150 --patience 30 --seed 2026
Set_0: AUC=0.9874 Acc=0.9250 BalAcc=0.9217 F1=0.9333 (65 epochs)
Set_1: AUC=0.8958 Acc=0.7750 BalAcc=0.7917 F1=0.7568 (54 epochs)
Set_2: AUC=0.9775 Acc=0.9250 BalAcc=0.9250 F1=0.9231 (34 epochs)
Set_3: AUC=0.9015 Acc=0.7250 BalAcc=0.7298 F1=0.7317 (66 epochs)
{
 "acc": {
  "mean": 0.8375,
  "std": 0.08926785535678565
 },
 "auc": {
  "mean": 0.9405555555555556,
  "std": 0.04207453039607455
 },
 "balanced_acc": {
  "mean": 0.8420454545454545,
  "std": 0.08421187117025311
 },
 "sen": {
  "mean": 0.852840909090909,
  "std": 0.10284404816906839
 },
 "spe": {
  "mean": 0.83125,
  "std": 0.0940632626296962
 },
 "f1": {
  "mean": 0.8362185825600459,
  "std": 0.0924830153443916
 }
}

### exit=0 duration=31s
### EXP-PROP-005-s2026 started 2026-09-22T10:39:35
$ python proposal/train.py --ablation mlp_mean --comparator mlp --pool mean --fold all --epochs 150 --patience 30 --seed 2026
Set_0: AUC=0.9874 Acc=0.8250 BalAcc=0.8056 F1=0.8627 (74 epochs)
Set_1: AUC=0.8932 Acc=0.8000 BalAcc=0.7917 F1=0.7500 (37 epochs)
Set_2: AUC=0.9750 Acc=0.8500 BalAcc=0.8500 F1=0.8636 (33 epochs)
Set_3: AUC=0.8763 Acc=0.6000 BalAcc=0.6364 F1=0.4286 (31 epochs)
{
 "acc": {
  "mean": 0.76875,
  "std": 0.09901862198596786
 },
 "auc": {
  "mean": 0.9329663825757576,
  "std": 0.04878869632944071
 },
 "balanced_acc": {
  "mean": 0.7708964646464647,
  "std": 0.08060568383465526
 },
 "sen": {
  "mean": 0.7431818181818182,
  "std": 0.28727308688124786
 },
 "spe": {
  "mean": 0.7986111111111112,
  "std": 0.14078565925495343
 },
 "f1": {
  "mean": 0.726238222561752,
  "std": 0.17796243882831084
 }
}

### exit=0 duration=145s
