### EXP-PROP-005-s1234 started 2026-09-07T02:30:18
$ python proposal/train.py --ablation mlp_mean --comparator mlp --pool mean --fold all --epochs 150 --patience 30 --seed 1234
Set_0: AUC=0.9949 Acc=0.8000 BalAcc=0.7778 F1=0.8462 (100 epochs)
Set_1: AUC=0.9115 Acc=0.8000 BalAcc=0.8333 F1=0.8000 (58 epochs)
Set_2: AUC=0.9750 Acc=0.9000 BalAcc=0.9000 F1=0.9000 (33 epochs)
Set_3: AUC=0.9268 Acc=0.7750 BalAcc=0.7904 F1=0.7568 (61 epochs)
{
 "acc": {
  "mean": 0.81875,
  "std": 0.048007160924178796
 },
 "auc": {
  "mean": 0.9520438762626263,
  "std": 0.034109926296177165
 },
 "balanced_acc": {
  "mean": 0.8253787878787879,
  "std": 0.047751149764655366
 },
 "sen": {
  "mean": 0.884090909090909,
  "std": 0.14873780247232887
 },
 "spe": {
  "mean": 0.7666666666666666,
  "std": 0.16120686809496565
 },
 "f1": {
  "mean": 0.8257276507276508,
  "std": 0.05327407332167131
 }
}

### exit=0 duration=35s
